<html>
  <head>
    <title>groonga query analyzer</title>
    <style>
table,
table tr,
table tr th,
table tr td
{
  border: 1px solid black;
}

span.slow
{
  color: red;
}

div.parameters
{
  float: left;
  padding: 2em;
}

div.parameters h3
{
  text-align: center;
}

div.parameters table
{
  margin-right: auto;
  margin-left: auto;
}

div.statistics
{
  clear: both;
}

td.elapsed,
td.ratio,
td.n,
td.n-records
{
  text-align: right;
}

td.name
{
  text-align: center;
}
    </style>
  </head>
  <body>
    <h1>groonga query analyzer</h1>
    <h2>Summary</h2>
    <div class="summary">
      <div class="parameters">
        <h3>Analyze Parameters</h3>
        <table>
          <tr><th>Name</th><th>Value</th></tr>
          <tr>
            <th>Slow response threshold</th>
            <td>0.2sec</td>
          </tr>
          <tr>
            <th>Slow operation threshold</th>
            <td>0.1sec</td>
          </tr>
        </table>
      </div>
      <div class="parameters">
        <h3>Metrics</h3>
        <table>
          <tr><th>Name</th><th>Value</th></tr>
          <tr>
            <th># of responses</th>
            <td>2</td>
          </tr>
          <tr>
            <th># of slow responses</th>
            <td>0</td>
          </tr>
          <tr>
            <th>responses/sec</th>
            <td>387.0613143828114</td>
          </tr>
          <tr>
            <th>start time</th>
            <td><span class="time">2012-12-12T17:39:17.624896+09:00</span></td>
          </tr>
          <tr>
            <th>end time</th>
            <td><span class="time">2012-12-12T17:39:17.630063+09:00</span></td>
          </tr>
          <tr>
            <th>period</th>
            <td>0.00516714sec</td>
          </tr>
          <tr>
            <th>slow response ratio</th>
            <td>0.0%</td>
          </tr>
          <tr>
            <th>total response time</th>
            <td>0.004345996sec</td>
          </tr>
        </table>
      </div>
      <div class="statistics">
        <h3>Slow Operations</h3>
        <table class="slow-operations">
          <tr>
            <th>total elapsed(sec)</th>
            <th>total elapsed(%)</th>
            <th># of operations</th>
            <th># of operations(%)</th>
            <th>operation name</th>
            <th>context</th>
          </tr>
        </table>
      </div>
    </div>
    <h2>Slow Queries</h2>
    <div>
      <div class="statistic-heading">
        <h3>Command</h3>
        <div class="metrics">
          [<span class="time">2012-12-12T17:39:17.624896+09:00</span>
           -
           <span class="time">2012-12-12T17:39:17.628024+09:00</span>
           (<span class="elapsed">0.00312886</span>)]
          (<span class="return-code">0</span>)
        </div>
        <div class="raw-command">load --table Video</div>
      </div>
      <div class="statistic-parameters">
        <h3>Parameters</h3>
        <dl>
          <dt>name</dt>
          <dd>load</dd>
          <dt>table</dt>
          <dd>Video</dd>
         </dl>
      </div>
      <div class="statistic-operations">
        <h3>Operations</h3>
        <table>
          <thead>
            <tr>
              <th>Nth</th>
              <th>Elapsed(sec)</th>
              <th>Name</th>
              <th>N records</th>
              <th>Context</th>
            </tr>
          </thead>
          <tbody>
          </tbody>
        </table>
      </div>
      <div class="statistic-heading">
        <h3>Command</h3>
        <div class="metrics">
          [<span class="time">2012-12-12T17:39:17.628846+09:00</span>
           -
           <span class="time">2012-12-12T17:39:17.630063+09:00</span>
           (<span class="elapsed">0.00121714</span>)]
          (<span class="return-code">0</span>)
        </div>
        <div class="raw-command">select --table Users --query follower:@groonga --output_columns _key,name</div>
      </div>
      <div class="statistic-parameters">
        <h3>Parameters</h3>
        <dl>
          <dt>name</dt>
          <dd>select</dd>
          <dt>table</dt>
          <dd>Users</dd>
          <dt>query</dt>
          <dd>follower:@groonga</dd>
          <dt>output_columns</dt>
          <dd>_key,name</dd>
         </dl>
      </div>
      <div class="statistic-operations">
        <h3>Operations</h3>
        <table>
          <thead>
            <tr>
              <th>Nth</th>
              <th>Elapsed(sec)</th>
              <th>Name</th>
              <th>N records</th>
              <th>Context</th>
            </tr>
          </thead>
          <tbody>
            <tr>
              <td class="n">1</td>
              <td class="elapsed">
                <span class="elapsed">0.00084295</span>
              </td>
              <td class="name">filter</td>
              <td class="n-records">2</td>
              <td class="context">Users.follower match &quot;groonga&quot;</td>
            </tr>
            <tr>
              <td class="n">2</td>
              <td class="elapsed">
                <span class="elapsed">0.00002795</span>
              </td>
              <td class="name">select</td>
              <td class="n-records">2</td>
              <td class="context"></td>
            </tr>
            <tr>
              <td class="n">3</td>
              <td class="elapsed">
                <span class="elapsed">0.00019585</span>
              </td>
              <td class="name">output</td>
              <td class="n-records">2</td>
              <td class="context">_key,name</td>
            </tr>
          </tbody>
        </table>
      </div>
    </div>
  </body>
</html>
