{"start_time":START_TIME,"end_time":END_TIME,"elapsed":0.003128856,"return_code":0,"slow":false,"command":{"raw":"load --table Video","name":"load","parameters":[{"key":"table","value":"Video"}]},"operations":[]}
{"start_time":START_TIME,"end_time":END_TIME,"elapsed":0.00121714,"return_code":0,"slow":false,"command":{"raw":"select --table Users --query follower:@groonga --output_columns _key,name","name":"select","parameters":[{"key":"table","value":"Users"},{"key":"query","value":"follower:@groonga"},{"key":"output_columns","value":"_key,name"}]},"operations":[{"name":"filter","relative_elapsed":0.0008429529999999999,"context":"Users.follower match \"groonga\"","slow":false,"n_records":2},{"name":"select","relative_elapsed":0.000027947,"context":null,"slow":false,"n_records":2},{"name":"output","relative_elapsed":0.000195852,"context":"_key,name","slow":false,"n_records":2}]}
