Summary:
  Threshold:
    slow response     : 0.2
    slow operation    : 0.1
  # of responses      : 4
  # of slow responses : 0
  responses/sec       : 9.468517046370479e-06
  start time          : 2012-12-12T17:39:17.624896+09:00
    end time          : 2012-12-17T15:00:10.262453+09:00
  period(sec)         : 422452.638
  slow response ratio : 0.000%
  total response time : 0.101
  Workers:
    0x7fffaac6dcf0:
      # of processed requests: 1
      idle time(sec):
                total : 0.000
                mean  : 0.000
                min   : 0.000
                max   : 0.000
    0x7fff786aa2b0:
      # of processed requests: 1
      idle time(sec):
                total : 0.000
                mean  : 0.000
                min   : 0.000
                max   : 0.000
    0x7fff8f4c8ca0:
      # of processed requests: 2
      idle time(sec):
                total : 0.000
                mean  : 0.000
                min   : 0.000
                max   : 0.000
  Slow Operations:

Slow Queries:
1) [2012-12-17T15:00:10.165344+09:00-2012-12-17T15:00:10.217660+09:00 (0.05231682)](0): table_create --name Comments --flags TABLE_HASH_KEY --key_type UInt32
  name: <table_create>
  parameters:
    <name>: <Comments>
    <flags>: <TABLE_HASH_KEY>
    <key_type>: <UInt32>

2) [2012-12-17T15:00:10.217818+09:00-2012-12-17T15:00:10.262453+09:00 (0.04463578)](0): column_create --table Comments --name title --flags COLUMN_SCALAR --type ShortText
  name: <column_create>
  parameters:
    <table>: <Comments>
    <name>: <title>
    <flags>: <COLUMN_SCALAR>
    <type>: <ShortText>

3) [2012-12-12T17:39:17.624896+09:00-2012-12-12T17:39:17.628024+09:00 (0.00312886)](0): load --table Video
  name: <load>
  parameters:
    <table>: <Video>

4) [2012-12-12T17:39:17.628846+09:00-2012-12-12T17:39:17.630063+09:00 (0.00121714)](0): select --table Users --query follower:@groonga --output_columns _key,name
  name: <select>
  parameters:
    <table>: <Users>
    <query>: <follower:@groonga>
    <output_columns>: <_key,name>
  1) 0.00084295:     filter(     2) Users.follower match "groonga"
  2) 0.00002795:     select(     2)
  3) 0.00019585:     output(     2) _key,name

