Summary:
  Threshold:
    slow response     : 0.2
    slow operation    : 0.1
  # of responses      : 1
  # of slow responses : 0
  responses/sec       : 821.5981727656638
  start time          : 2012-12-12 17:39:17.3
  last time           : 2012-12-12 17:39:17.3
  period(sec)         : 0.00121714
  slow response ratio : 0.000%
  total response time : 0.00121714
  Slow Operations:

Slow Queries:
1) [2012-12-12 17:39:17.3-2012-12-12 17:39:17.3 (0.00121714)](0): select --table Users --query follower:@groonga --output_columns _key,name
  name: <select>
  parameters:
    <table>: <Users>
    <query>: <follower:@groonga>
    <output_columns>: <_key,name>
  1) 0.00084295:     filter(     2) query: follower:@groonga
  2) 0.00002795:     select(     2)
  3) 0.00019585:     output(     2) _key,name

